views/InvoicesView.tsx(2092,13): error TS17015: Expected corresponding closing tag for JSX fragment.
views/InvoicesView.tsx(2092,16): error TS1382: Unexpected token. Did you mean `{'>'}` or `&gt;`?
views/InvoicesView.tsx(2093,11): error TS1003: Identifier expected.
views/InvoicesView.tsx(2268,12): error TS17008: JSX element 'div' has no corresponding closing tag.
views/InvoicesView.tsx(2718,5): error TS1128: Declaration or statement expected.
views/InvoicesView.tsx(2719,5): error TS1109: Expression expected.
views/InvoicesView.tsx(2720,3): error TS1109: Expression expected.
views/InvoicesView.tsx(2721,1): error TS1128: Declaration or statement expected.
